// Jest Snapshot v1, https://goo.gl/fbAQLP

exports[`search bar should render the search bar 1`] = `
<View
  style={
    Object {
      "alignSelf": "flex-end",
      "flex": 1,
      "marginRight": 0,
      "position": "relative",
    }
  }
>
  <View
    style={
      Object {
        "backgroundColor": "whitesmoke",
        "borderBottomColor": "#046D66",
        "borderBottomWidth": 2,
        "borderColor": "#046D66",
        "borderRadius": 20,
        "borderTopColor": "#046D66",
        "borderTopWidth": 2,
        "borderWidth": 2,
        "color": "#046D66",
        "height": 93.38000000000001,
        "marginLeft": "3%",
        "marginRight": "3%",
        "overflow": "visible",
        "padding": 8,
        "zIndex": 0,
      }
    }
  >
    <View
      style={
        Object {
          "paddingHorizontal": 0,
          "width": "100%",
        }
      }
    >
      <View
        collapsable={false}
        style={
          Object {
            "alignItems": "center",
            "backgroundColor": "whitesmoke",
            "borderBottomWidth": 0,
            "borderColor": "#86939e",
            "borderRadius": 20,
            "color": "#046D66",
            "flexDirection": "row",
            "height": 66.7,
            "minHeight": 30,
            "overflow": "hidden",
            "transform": Array [
              Object {
                "translateX": 0,
              },
            ],
          }
        }
      >
        <TextInput
          editable={true}
          onBlur={[Function]}
          onChangeText={[Function]}
          onFocus={[Function]}
          placeholder="Where to..."
          placeholderTextColor="#046D66"
          platform="default"
          style={
            Object {
              "color": "#046D66",
              "flex": 1,
              "fontSize": 18,
              "marginLeft": 10,
              "minHeight": 40,
            }
          }
          testID="search-bar"
          underlineColorAndroid="transparent"
          value=""
        />
        <View
          style={
            Object {
              "alignItems": "center",
              "color": "#046D66",
              "height": 40,
              "justifyContent": "center",
              "marginRight": 8,
              "marginVertical": 4,
              "paddingRight": 4,
            }
          }
        >
          <View
            style={
              Object {
                "flexDirection": "row",
              }
            }
          />
        </View>
      </View>
      <Text
        style={
          Object {
            "color": "#ff190c",
            "fontSize": 12,
            "height": 0,
            "margin": 0,
            "padding": 0,
          }
        }
      />
    </View>
  </View>
  <View
    style={
      Object {
        "marginLeft": -133.4,
        "maxHeight": 693.6800000000001,
      }
    }
  >
    <View
      style={
        Object {
          "backgroundColor": "white",
          "height": 200.1,
          "opacity": 0.8,
          "position": "absolute",
          "top": -200.1,
          "width": 825.0000000000001,
          "zIndex": -1,
        }
      }
    />
    <RCTScrollView
      data={
        Array [
          Object {
            "IsOpen": true,
            "Name": "Yucky Starbucks",
          },
          Object {
            "IsOpen": true,
            "Name": "Black Goat",
          },
        ]
      }
      getItem={[Function]}
      getItemCount={[Function]}
      keyExtractor={[Function]}
      keyboardShouldPersistTaps="handled"
      onContentSizeChange={[Function]}
      onLayout={[Function]}
      onMomentumScrollBegin={[Function]}
      onMomentumScrollEnd={[Function]}
      onScroll={[Function]}
      onScrollBeginDrag={[Function]}
      onScrollEndDrag={[Function]}
      removeClippedSubviews={false}
      renderItem={[Function]}
      scrollEventThrottle={50}
      stickyHeaderIndices={Array []}
      styles={
        Object {
          "display": "flex",
          "overflow": "visible",
        }
      }
      viewabilityConfigCallbackPairs={Array []}
    >
      <View>
        <View
          onLayout={[Function]}
          style={null}
        >
          <View
            style={
              Array [
                Object {
                  "width": 525,
                },
                Object {
                  "display": "flex",
                },
              ]
            }
          >
            <View
              accessible={true}
              collapsable={false}
              focusable={true}
              onBlur={[Function]}
              onClick={[Function]}
              onFocus={[Function]}
              onResponderGrant={[Function]}
              onResponderMove={[Function]}
              onResponderRelease={[Function]}
              onResponderTerminate={[Function]}
              onResponderTerminationRequest={[Function]}
              onStartShouldSetResponder={[Function]}
              style={
                Array [
                  Object {
                    "backgroundColor": "white",
                  },
                  Object {
                    "width": 825.0000000000001,
                  },
                ]
              }
            >
              <Text
                style={
                  Array [
                    Object {
                      "color": "black",
                    },
                    Object {
                      "borderBottomColor": "#DDDDDD",
                      "borderBottomWidth": 1,
                      "borderRadius": 0,
                      "fontFamily": "Poppins",
                      "fontSize": 16,
                      "height": 54,
                      "maxWidth": 750,
                      "paddingVertical": 15,
                      "position": "relative",
                      "textAlign": "center",
                      "textAlignVertical": "center",
                      "width": 750,
                    },
                  ]
                }
              >
                Yucky Starbucks
              </Text>
            </View>
          </View>
        </View>
        <View
          onLayout={[Function]}
          style={null}
        >
          <View
            style={
              Array [
                Object {
                  "width": 525,
                },
                Object {
                  "display": "flex",
                },
              ]
            }
          >
            <View
              accessible={true}
              collapsable={false}
              focusable={true}
              onBlur={[Function]}
              onClick={[Function]}
              onFocus={[Function]}
              onResponderGrant={[Function]}
              onResponderMove={[Function]}
              onResponderRelease={[Function]}
              onResponderTerminate={[Function]}
              onResponderTerminationRequest={[Function]}
              onStartShouldSetResponder={[Function]}
              style={
                Array [
                  Object {
                    "backgroundColor": "white",
                  },
                  Object {
                    "width": 825.0000000000001,
                  },
                ]
              }
            >
              <Text
                style={
                  Array [
                    Object {
                      "color": "black",
                    },
                    Object {
                      "borderBottomColor": "#DDDDDD",
                      "borderBottomWidth": 1,
                      "borderRadius": 0,
                      "fontFamily": "Poppins",
                      "fontSize": 16,
                      "height": 54,
                      "maxWidth": 750,
                      "paddingVertical": 15,
                      "position": "relative",
                      "textAlign": "center",
                      "textAlignVertical": "center",
                      "width": 750,
                    },
                  ]
                }
              >
                Black Goat
              </Text>
            </View>
          </View>
        </View>
      </View>
    </RCTScrollView>
  </View>
</View>
`;
